// Jest Snapshot v1, https://goo.gl/fbAQLP

exports[`ListItem should render snapshot correctly 1`] = `
<View
  style={
    Object {
      "alignItems": "flex-start",
      "borderRadius": 0,
      "flexDirection": "row",
      "padding": 16,
    }
  }
  testID="listitem"
>
  <View />
</View>
`;
