// Jest Snapshot v1, https://goo.gl/fbAQLP

exports[`Toast should render correctly 1`] = `
<Toast
  config={
    Object {
      "warningToast": [Function],
    }
  }
  position="bottom"
/>
`;
